------------------------------------------------------------
Error 1: Loss=4.4978
  File: marked\Milk10k-Test-Input_ISIC_6378518.jpg
  True Label: marked
  Predicted: clean (95.71% confidence)
------------------------------------------------------------
Error 2: Loss=4.3146
  File: vignet\Milk10k-Test-Input_ISIC_9589755.jpg
  True Label: vignet
  Predicted: bubble (35.00% confidence)
------------------------------------------------------------
Error 3: Loss=4.1710
  File: vignet\Milk10k-Test-Input_ISIC_8716771.jpg
  True Label: vignet
  Predicted: clean (53.71% confidence)
------------------------------------------------------------
Error 4: Loss=3.2803
  File: pen\Milk10k-Test-Input_ISIC_8596905.jpg
  True Label: pen
  Predicted: clean (91.24% confidence)
------------------------------------------------------------
Error 5: Loss=3.2266
  File: bubble\Milk10k-Test-Input_ISIC_0534792.jpg
  True Label: bubble
  Predicted: clean (73.47% confidence)
------------------------------------------------------------
Error 6: Loss=3.0237
  File: pen\Milk10k-Test-Input_ISIC_4136945.jpg
  True Label: pen
  Predicted: clean (73.02% confidence)
------------------------------------------------------------
Error 7: Loss=3.0001
  File: clean\Milk10k-Test-Input_ISIC_7808001.jpg
  True Label: clean
  Predicted: hairy (89.35% confidence)
------------------------------------------------------------
Error 8: Loss=2.9743
  File: pen\Milk10k-Test-Input_ISIC_4361032.jpg
  True Label: pen
  Predicted: clean (78.96% confidence)
------------------------------------------------------------
Error 9: Loss=2.8553
  File: hairy\Milk10k-Test-Input_ISIC_4310983.jpg
  True Label: hairy
  Predicted: blurry (64.28% confidence)
------------------------------------------------------------
Error 10: Loss=2.3927
  File: hairy\Milk10k-Test-Input_ISIC_4885912.jpg
  True Label: hairy
  Predicted: marked (46.45% confidence)
------------------------------------------------------------
Error 11: Loss=2.3630
  File: pen\Milk10k-Test-Input_ISIC_1139645.jpg
  True Label: pen
  Predicted: clean (49.88% confidence)
------------------------------------------------------------
Error 12: Loss=2.3450
  File: clean\Milk10k-Test-Input_ISIC_8104489.jpg
  True Label: clean
  Predicted: hairy (35.46% confidence)
------------------------------------------------------------
Error 13: Loss=2.1517
  File: hairy\Milk10k-Test-Input_ISIC_2548992.jpg
  True Label: hairy
  Predicted: clean (79.82% confidence)
------------------------------------------------------------
Error 14: Loss=1.9714
  File: bubble\Milk10k-Test-Input_ISIC_1778510.jpg
  True Label: bubble
  Predicted: hairy (60.71% confidence)
------------------------------------------------------------
Error 15: Loss=1.9370
  File: hairy\Milk10k-Test-Input_ISIC_3495124.jpg
  True Label: hairy
  Predicted: clean (48.17% confidence)
------------------------------------------------------------
Error 16: Loss=1.9231
  File: pen\Milk10k-Test-Input_ISIC_9368948.jpg
  True Label: pen
  Predicted: clean (46.94% confidence)
------------------------------------------------------------
Error 17: Loss=1.8817
  File: bubble\Milk10k-Test-Input_ISIC_5247016.jpg
  True Label: bubble
  Predicted: hairy (69.50% confidence)
------------------------------------------------------------
Error 18: Loss=1.8109
  File: bubble\Milk10k-Test-Input_ISIC_4764344.jpg
  True Label: bubble
  Predicted: clean (46.36% confidence)
------------------------------------------------------------
Error 19: Loss=1.7957
  File: clean\Milk10k-Test-Input_ISIC_0347700.jpg
  True Label: clean
  Predicted: bubble (56.73% confidence)
------------------------------------------------------------
Error 20: Loss=1.7827
  File: marked\Milk10k-Test-Input_ISIC_8510743.jpg
  True Label: marked
  Predicted: bubble (28.71% confidence)
------------------------------------------------------------